// Jest Snapshot v1, https://goo.gl/fbAQLP

exports[`should render PhoneList component 1`] = `
<div
  className="phone-list"
/>
`;
